C:\Users\roncho\Documents\repos\marsxaijetfly\scripts\build-bridgehead-v2.py:21: DeprecationWarning: 'Material.use_nodes' is expected to be removed in Blender 6.0
  m=bpy.data.materials.new(name);m.diffuse_color=(*color,1);m.use_nodes=True;n=m.node_tree.nodes['Principled BSDF']
15:46:23 | INFO: Data are loaded, start creating Blender stuff
15:46:23 | INFO: Blender create Mesh node Scene
15:46:23 | INFO: Blender create Mesh node Scene.001
15:46:23 | INFO: Blender create Mesh node Scene.002
15:46:23 | INFO: Blender create Mesh node Scene.003
15:46:23 | INFO: Blender create Mesh node Scene.004
15:46:23 | INFO: Blender create Mesh node Mesh
15:46:23 | INFO: glTF import finished in 0.07s
15:46:23 | INFO: Data are loaded, start creating Blender stuff
15:46:23 | INFO: Blender create Mesh node Scene.005
15:46:23 | INFO: Draco Decoder: Decode primitive Scene.005
15:46:24 | INFO: glTF import finished in 0.31s
C:\Users\roncho\Documents\repos\marsxaijetfly\scripts\build-bridgehead-v2.py:133: DeprecationWarning: 'World.use_nodes' is expected to be removed in Blender 6.0
  scene.world.use_nodes=True;bg=scene.world.node_tree.nodes['Background'];bg.inputs[0].default_value=(.12,.075,.075,1);bg.inputs[1].default_value=.8
Info: Saved as "bridgehead-v2.blend"
Info: Total files 3 | Changed 0 | Failed 0
Info: Saved as "bridgehead-v2.blend"
BLENDER_SCENE_FIRST_SAVED C:\Users\roncho\Documents\repos\marsxaijetfly\art\bridgehead\bridgehead-v2.blend {"player": {"width": 0.9797780931255041, "height": 1.8, "length": 4.705897320882914, "posed": false}, "warden": {"width": 1.8735263581890882, "height": 2.15, "length": 1.1759515837250987, "posed": true}}
INFO Draco is available, use library at C:\Program Files\Blender Foundation\Blender 5.2\5.2\scripts\addons_core\io_scene_gltf2\bf_intern_draco_bridge.dll
INFO MeshOptimizer is available, use library at C:\Program Files\Blender Foundation\Blender 5.2\5.2\scripts\addons_core\io_scene_gltf2\bf_intern_meshopt_bridge.dll
15:46:24 | INFO: Starting glTF 2.0 export
15:46:24 | INFO: Extracting primitive: Cube.211
15:46:24 | INFO: Primitives created: 1
15:46:24 | INFO: Extracting primitive: Cube.285
15:46:24 | INFO: Primitives created: 1
15:46:24 | INFO: Extracting primitive: Cube.309
15:46:24 | INFO: Primitives created: 1
15:46:24 | INFO: Extracting primitive: Cube.178
15:46:24 | INFO: Primitives created: 1
15:46:24 | INFO: Extracting primitive: Cube.327
15:46:24 | INFO: Primitives created: 1
15:46:24 | INFO: Finished glTF 2.0 export in 0.07354521751403809 s

15:46:24 | INFO: Data are loaded, start creating Blender stuff
15:46:24 | INFO: Blender create Mesh node Cube.211
15:46:24 | INFO: Blender create Mesh node Cube.285
15:46:24 | INFO: Blender create Mesh node Cube.309
15:46:24 | INFO: Blender create Mesh node Cube.178
15:46:24 | INFO: Blender create Mesh node Cube.327
15:46:24 | INFO: glTF import finished in 0.06s
BRIDGEHEAD_V2_EXPORTED {"path": "public/models/bridgehead-route.glb", "sha256": "6aad57a68bba9e721aef59cff969268504d91b98b6cfcf1c0c3fd1204e76ab04", "bytes": 168084, "triangles": 2497, "meshes": 5, "materials": 5, "textures": 0, "animations": 0, "bounds": {"min": [-53.04999923706055, -10.579999923706055, -49.0], "max": [94.0, 9.381999969482422, 39.038551330566406]}, "transform": "identity; already authored in scale-three world metres"}
00:12.593  render           | Saved: 'C:\Users\roncho\Documents\repos\marsxaijetfly\art\bridgehead\v2-launch.png'
00:20.406  render           | Saved: 'C:\Users\roncho\Documents\repos\marsxaijetfly\art\bridgehead\v2-fork.png'
00:29.984  render           | Saved: 'C:\Users\roncho\Documents\repos\marsxaijetfly\art\bridgehead\v2-high-descent.png'
00:38.562  render           | Saved: 'C:\Users\roncho\Documents\repos\marsxaijetfly\art\bridgehead\v2-low-bridge.png'
00:47.250  render           | Saved: 'C:\Users\roncho\Documents\repos\marsxaijetfly\art\bridgehead\v2-low-turn.png'
00:55.390  render           | Saved: 'C:\Users\roncho\Documents\repos\marsxaijetfly\art\bridgehead\v2-high-court.png'
01:03.781  render           | Saved: 'C:\Users\roncho\Documents\repos\marsxaijetfly\art\bridgehead\v2-low-cover.png'
01:12.250  render           | Saved: 'C:\Users\roncho\Documents\repos\marsxaijetfly\art\bridgehead\v2-low-peek.png'
01:20.031  render           | Saved: 'C:\Users\roncho\Documents\repos\marsxaijetfly\art\bridgehead\v2-exit.png'
01:26.140  render           | Saved: 'C:\Users\roncho\Documents\repos\marsxaijetfly\art\bridgehead\v2-overview.png'
Info: Saved as "bridgehead-v2.blend"
V2_RENDER_COMPLETE
Blender 5.2.1 LTS (hash 9e2066aef7ef built 2026-08-25 02:38:20)
DracoDecoder | Decoded 12742 vertices, 17760 indices

Blender quit
