15:12:23 | INFO: Data are loaded, start creating Blender stuff
15:12:23 | INFO: Blender create Mesh node Scene.2685
15:12:23 | INFO: Draco Decoder: Decode primitive Scene.2685
15:12:23 | INFO: Draco Decoder: Decode primitive Scene.2685
15:12:23 | INFO: Draco Decoder: Decode primitive Scene.2685
15:12:23 | INFO: Draco Decoder: Decode primitive Scene.2685
15:12:23 | INFO: glTF import finished in 0.03s
15:12:23 | INFO: Data are loaded, start creating Blender stuff
15:12:23 | INFO: Blender create Mesh node Scene.2686
15:12:23 | INFO: Draco Decoder: Decode primitive Scene.2686
15:12:23 | INFO: Draco Decoder: Decode primitive Scene.2686
15:12:23 | INFO: Draco Decoder: Decode primitive Scene.2686
15:12:23 | INFO: Draco Decoder: Decode primitive Scene.2686
15:12:23 | INFO: glTF import finished in 0.05s
15:12:23 | INFO: Data are loaded, start creating Blender stuff
15:12:23 | INFO: Blender create Mesh node Scene.2688
15:12:23 | INFO: Draco Decoder: Decode primitive Scene.2688
15:12:23 | INFO: Draco Decoder: Decode primitive Scene.2688
15:12:23 | INFO: Draco Decoder: Decode primitive Scene.2688
15:12:23 | INFO: Draco Decoder: Decode primitive Scene.2688
15:12:23 | INFO: Draco Decoder: Decode primitive Scene.2688
15:12:23 | INFO: Draco Decoder: Decode primitive Scene.2688
15:12:23 | INFO: Draco Decoder: Decode primitive Scene.2688
15:12:23 | INFO: Draco Decoder: Decode primitive Scene.2688
15:12:23 | INFO: Draco Decoder: Decode primitive Scene.2688
15:12:23 | INFO: Draco Decoder: Decode primitive Scene.2688
15:12:23 | INFO: Draco Decoder: Decode primitive Scene.2688
15:12:23 | INFO: Draco Decoder: Decode primitive Scene.2688
15:12:23 | INFO: glTF import finished in 0.59s
15:12:23 | INFO: Data are loaded, start creating Blender stuff
15:12:23 | INFO: Blender create Mesh node Scene.2690
15:12:23 | INFO: Draco Decoder: Decode primitive Scene.2690
15:12:23 | INFO: Draco Decoder: Decode primitive Scene.2690
15:12:23 | INFO: Draco Decoder: Decode primitive Scene.2690
15:12:23 | INFO: Draco Decoder: Decode primitive Scene.2690
15:12:23 | INFO: Draco Decoder: Decode primitive Scene.2690
15:12:23 | INFO: Draco Decoder: Decode primitive Scene.2690
15:12:23 | INFO: Draco Decoder: Decode primitive Scene.2690
15:12:23 | INFO: Draco Decoder: Decode primitive Scene.2690
15:12:23 | INFO: Draco Decoder: Decode primitive Scene.2690
15:12:23 | INFO: Draco Decoder: Decode primitive Scene.2690
15:12:24 | INFO: glTF import finished in 0.11s
BRIDGEHEAD_GROUND_SAMPLES [{"name": "launch", "x": -19, "z": 10.7, "surfaces": [{"y": -2.069, "object": "chunk_q01_low", "normalY": 0.921}, {"y": -3.05, "object": "chunk_q01_low", "normalY": -0.251}, {"y": -3.228, "object": "chunk_q01_low", "normalY": 0.664}, {"y": -3.873, "object": "chunk_q01_low", "normalY": -0.961}, {"y": -3.904, "object": "chunk_q01_low", "normalY": -0.646}, {"y": -4.169, "object": "chunk_q01_low", "normalY": 0.642}, {"y": -4.367, "object": "chunk_q01_low", "normalY": -0.995}, {"y": -12.786, "object": "chunk_q01_low", "normalY": 0.524}]}, {"name": "low_entry", "x": -9, "z": 10.7, "surfaces": [{"y": -3.39, "object": "chunk_q01_low", "normalY": 1.0}, {"y": -3.462, "object": "chunk_q01_low", "normalY": -1.0}, {"y": -3.626, "object": "chunk_q01_low", "normalY": 0.769}, {"y": -3.887, "object": "chunk_q01_low", "normalY": -0.685}, {"y": -20.156, "object": "chunk_q01_low", "normalY": -0.938}, {"y": -23.873, "object": "chunk_q01_low", "normalY": 0.974}, {"y": -24.115, "object": "chunk_q01_low", "normalY": 0.783}, {"y": -25.343, "object": "chunk_q01_low", "normalY": -1.0}, {"y": -27.057, "object": "chunk_q01_low", "normalY": 0.214}, {"y": -28.612, "object": "chunk_q01_low", "normalY": -0.999}]}, {"name": "low_exit", "x": 7, "z": 10.7, "surfaces": [{"y": -3.393, "object": "chunk_q11_low", "normalY": 1.0}, {"y": -3.426, "object": "chunk_q11_low", "normalY": 0.999}, {"y": -3.463, "object": "chunk_q11_low", "normalY": 0.992}, {"y": -3.618, "object": "chunk_q11_low", "normalY": 0.341}, {"y": -3.681, "object": "chunk_q11_low", "normalY": 0.349}, {"y": -3.901, "object": "chunk_q11_low", "normalY": -0.782}, {"y": -4.749, "object": "chunk_q11_low", "normalY": -0.07}, {"y": -4.895, "object": "chunk_q11_low", "normalY": -0.481}, {"y": -5.761, "object": "chunk_q11_low", "normalY": 0.653}, {"y": -6.964, "object": "chunk_q11_low", "normalY": 0.945}, {"y": -9.809, "object": "chunk_q11_low", "normalY": 0.766}, {"y": -11.355, "object": "chunk_q11_low", "normalY": -0.927}, {"y": -20.836, "object": "chunk_q11_low", "normalY": -0.973}, {"y": -21.79, "object": "chunk_q11_low", "normalY": 0.364}, {"y": -24.048, "object": "chunk_q11_low", "normalY": 0.999}, {"y": -24.111, "object": "chunk_q01_low", "normalY": 0.963}, {"y": -25.111, "object": "chunk_q01_low", "normalY": -0.99}, {"y": -25.364, "object": "chunk_q01_low", "normalY": 0.957}, {"y": -27.737, "object": "chunk_q01_low", "normalY": -0.972}, {"y": -28.562, "object": "chunk_q11_low", "normalY": -0.838}]}, {"name": "high_entry", "x": -9, "z": -11.8, "surfaces": [{"y": -1.072, "object": "chunk_q00_low", "normalY": 0.999}, {"y": -1.322, "object": "chunk_q00_low", "normalY": -0.997}, {"y": -1.374, "object": "chunk_q00_low", "normalY": -0.919}, {"y": -1.66, "object": "chunk_q00_low", "normalY": 0.775}, {"y": -2.652, "object": "chunk_q00_low", "normalY": 0.829}, {"y": -4.486, "object": "chunk_q00_low", "normalY": -0.905}, {"y": -8.457, "object": "chunk_q00_low", "normalY": -0.225}, {"y": -12.416, "object": "chunk_q00_low", "normalY": 0.229}, {"y": -19.653, "object": "chunk_q00_low", "normalY": -0.972}, {"y": -20.498, "object": "chunk_q00_low", "normalY": 0.545}, {"y": -23.028, "object": "chunk_q00_low", "normalY": -0.627}, {"y": -27.016, "object": "chunk_q01_low", "normalY": 0.979}, {"y": -27.581, "object": "chunk_q01_low", "normalY": -0.994}]}, {"name": "high_exit", "x": 1, "z": -11.8, "surfaces": [{"y": -0.962, "object": "chunk_q10_low", "normalY": 1.0}, {"y": -1.053, "object": "chunk_q10_low", "normalY": -1.0}, {"y": -1.137, "object": "chunk_q10_low", "normalY": 0.924}, {"y": -2.487, "object": "chunk_q10_low", "normalY": 0.994}, {"y": -2.719, "object": "chunk_q10_low", "normalY": -0.377}, {"y": -13.412, "object": "chunk_q10_low", "normalY": -0.843}, {"y": -19.86, "object": "chunk_q00_low", "normalY": 0.455}]}, {"name": "high_approach", "x": 12, "z": -11.8, "surfaces": [{"y": -0.589, "object": "chunk_q10_low", "normalY": -0.998}, {"y": -0.631, "object": "chunk_q10_low", "normalY": 1.0}, {"y": -0.668, "object": "chunk_q10_low", "normalY": 0.991}, {"y": -0.732, "object": "chunk_q10_low", "normalY": 0.996}, {"y": -0.76, "object": "chunk_q10_low", "normalY": 0.94}, {"y": -0.821, "object": "chunk_q10_low", "normalY": 0.997}, {"y": -0.85, "object": "chunk_q10_low", "normalY": 1.0}]}, {"name": "low_approach", "x": 11, "z": -1.5, "surfaces": [{"y": -1.243, "object": "chunk_q10_low", "normalY": 0.961}, {"y": -3.222, "object": "chunk_q10_low", "normalY": -0.959}, {"y": -4.313, "object": "chunk_q10_low", "normalY": -0.57}, {"y": -7.336, "object": "chunk_q10_low", "normalY": 0.137}, {"y": -9.636, "object": "chunk_q10_low", "normalY": 0.33}, {"y": -16.6, "object": "chunk_q10_low", "normalY": -0.622}]}, {"name": "warden", "x": 23, "z": -10, "surfaces": [{"y": -0.817, "object": "chunk_q10_low", "normalY": 0.309}, {"y": -1.995, "object": "chunk_q10_low", "normalY": 1.0}]}, {"name": "exit", "x": 32, "z": -15, "surfaces": [{"y": 1.397, "object": "chunk_q10_low", "normalY": 0.945}, {"y": -1.16, "object": "chunk_q10_low", "normalY": 0.725}, {"y": -2.577, "object": "chunk_q10_low", "normalY": -0.827}]}, {"name": "cover_west", "x": 14, "z": -4, "surfaces": [{"y": -0.542, "object": "chunk_q10_low", "normalY": 0.697}, {"y": -0.649, "object": "chunk_q10_low", "normalY": 0.364}, {"y": -0.699, "object": "chunk_q10_low", "normalY": -0.576}, {"y": -0.802, "object": "chunk_q10_low", "normalY": 0.878}, {"y": -0.915, "object": "chunk_q10_low", "normalY": 0.983}, {"y": -1.682, "object": "chunk_q10_low", "normalY": 0.975}, {"y": -2.125, "object": "chunk_q10_low", "normalY": -0.511}, {"y": -2.442, "object": "chunk_q10_low", "normalY": -0.91}, {"y": -3.017, "object": "chunk_q10_low", "normalY": -0.972}, {"y": -3.765, "object": "chunk_q10_low", "normalY": 0.569}, {"y": -7.068, "object": "chunk_q10_low", "normalY": 0.548}, {"y": -12.152, "object": "chunk_q10_low", "normalY": -0.396}, {"y": -14.625, "object": "chunk_q10_low", "normalY": -0.317}]}, {"name": "cover_east", "x": 26, "z": -17, "surfaces": [{"y": 2.037, "object": "chunk_q10_low", "normalY": 0.828}, {"y": 1.55, "object": "chunk_q10_low", "normalY": 0.944}, {"y": -0.459, "object": "chunk_q10_low", "normalY": 0.777}, {"y": -2.032, "object": "chunk_q10_low", "normalY": -0.958}, {"y": -4.555, "object": "chunk_q10_low", "normalY": -0.952}]}, {"name": "core", "x": 28, "z": -5, "surfaces": [{"y": -2.768, "object": "chunk_q10_low", "normalY": 0.845}]}, {"name": "west_step", "x": -15, "z": -1, "surfaces": [{"y": -0.965, "object": "chunk_q00_low", "normalY": 0.978}, {"y": -1.288, "object": "chunk_q00_low", "normalY": 0.835}, {"y": -1.505, "object": "chunk_q00_low", "normalY": -0.954}, {"y": -1.586, "object": "chunk_q00_low", "normalY": 0.365}, {"y": -1.91, "object": "chunk_q00_low", "normalY": -0.998}, {"y": -6.03, "object": "chunk_q00_low", "normalY": -0.938}, {"y": -6.501, "object": "chunk_q01_low", "normalY": -0.689}, {"y": -15.402, "object": "chunk_q01_low", "normalY": -0.924}, {"y": -15.751, "object": "chunk_q01_low", "normalY": 0.032}, {"y": -20.497, "object": "chunk_q00_low", "normalY": 0.076}, {"y": -21.798, "object": "chunk_q00_low", "normalY": -0.931}, {"y": -27.382, "object": "chunk_q01_low", "normalY": 0.932}, {"y": -28.053, "object": "chunk_q01_low", "normalY": -0.941}, {"y": -34.871, "object": "chunk_q01_low", "normalY": 0.903}]}]
EXTRACTION_GRID [{"x": 29, "y": 1.95, "z": -18}, {"x": 29, "y": 2.048, "z": -17}, {"x": 29, "y": 1.589, "z": -16}, {"x": 29, "y": 1.498, "z": -15}, {"x": 29, "y": 1.478, "z": -14}, {"x": 29, "y": 1.372, "z": -13}, {"x": 29, "y": 1.358, "z": -12}, {"x": 30, "y": 1.816, "z": -18}, {"x": 30, "y": 1.589, "z": -17}, {"x": 30, "y": 1.623, "z": -16}, {"x": 30, "y": 1.54, "z": -15}, {"x": 30, "y": 1.506, "z": -14}, {"x": 30, "y": 1.45, "z": -13}, {"x": 30, "y": 1.24, "z": -12}, {"x": 31, "y": 2.277, "z": -18}, {"x": 31, "y": 1.744, "z": -17}, {"x": 31, "y": 1.55, "z": -16}, {"x": 31, "y": 1.451, "z": -15}, {"x": 31, "y": 1.472, "z": -14}, {"x": 31, "y": 1.468, "z": -13}, {"x": 31, "y": 1.346, "z": -12}, {"x": 32, "y": 2.229, "z": -18}, {"x": 32, "y": 2.351, "z": -17}, {"x": 32, "y": 1.455, "z": -16}, {"x": 32, "y": 1.397, "z": -15}, {"x": 32, "y": 1.467, "z": -14}, {"x": 32, "y": 1.497, "z": -13}, {"x": 32, "y": 1.451, "z": -12}, {"x": 33, "y": 2.128, "z": -18}, {"x": 33, "y": 2.252, "z": -17}, {"x": 33, "y": 2.118, "z": -16}, {"x": 33, "y": 1.179, "z": -15}, {"x": 33, "y": 1.277, "z": -14}, {"x": 33, "y": 1.361, "z": -13}, {"x": 33, "y": 1.537, "z": -12}, {"x": 34, "y": 2.011, "z": -18}, {"x": 34, "y": 2.125, "z": -17}, {"x": 34, "y": 2.011, "z": -16}, {"x": 34, "y": 1.234, "z": -15}, {"x": 34, "y": 1.255, "z": -14}, {"x": 34, "y": 1.568, "z": -13}, {"x": 34, "y": 1.695, "z": -12}, {"x": 35, "y": 1.587, "z": -18}, {"x": 35, "y": 1.663, "z": -17}, {"x": 35, "y": 1.571, "z": -16}, {"x": 35, "y": 1.283, "z": -15}, {"x": 35, "y": 1.438, "z": -14}, {"x": 35, "y": 1.811, "z": -13}, {"x": 35, "y": 1.954, "z": -12}]
ROUTE_SWEEPS [{"route": "low", "from": [-19, -0.8, 10.7], "to": [-9, -2.2, 10.7], "minClearance": {"x": -19.36, "z": 10.2, "surfaceY": -1.819, "bikeBaseY": -1.08, "clearance": 0.739}, "blockedSampleCount": 0, "sampleCount": 99, "cameraMinClearance": {"x": -17.2, "z": 10.7, "surfaceY": -2.342, "cameraY": 0.58, "clearance": 2.922}}, {"route": "low", "from": [-9, -2.2, 10.7], "to": [7, -2.2, 10.7], "minClearance": {"x": 1.36, "z": 11.2, "surfaceY": -3.306, "bikeBaseY": -2.2, "clearance": 1.106}, "blockedSampleCount": 0, "sampleCount": 153, "cameraMinClearance": {"x": -15.2, "z": 10.7, "surfaceY": -3.12, "cameraY": 0.3, "clearance": 3.42}}, {"route": "low", "from": [7, -2.2, 10.7], "to": [8, 0.6, 10.7], "minClearance": {"x": 9.36, "z": 10.2, "surfaceY": -3.346, "bikeBaseY": -2.2, "clearance": 1.146}, "blockedSampleCount": 0, "sampleCount": 18, "cameraMinClearance": {"x": 0.8, "z": 10.7, "surfaceY": -3.387, "cameraY": 0.3, "clearance": 3.687}}, {"route": "low", "from": [8, 0.6, 10.7], "to": [11, 0.4, -1.5], "minClearance": {"x": 10.847, "z": -2.973, "surfaceY": -0.542, "bikeBaseY": 0.415, "clearance": 0.957}, "blockedSampleCount": 0, "sampleCount": 126, "cameraMinClearance": {"x": 9.52, "z": 4.521, "surfaceY": -1.712, "cameraY": 2.9, "clearance": 4.612}}, {"route": "high", "from": [-19, -0.8, 10.7], "to": [-15, 3.2, 5], "minClearance": {"x": -18.054, "z": 8.481, "surfaceY": -1.807, "bikeBaseY": -0.8, "clearance": 1.007}, "blockedSampleCount": 0, "sampleCount": 72, "cameraMinClearance": {"x": -18.561, "z": 10.075, "surfaceY": -1.971, "cameraY": 5.7, "clearance": 7.671}}, {"route": "high", "from": [-15, 3.2, 5], "to": [-15, 3.2, -1], "minClearance": {"x": -14.5, "z": -3.36, "surfaceY": 1.077, "bikeBaseY": 3.2, "clearance": 2.123}, "blockedSampleCount": 0, "sampleCount": 63, "cameraMinClearance": {"x": -15.0, "z": 5.2, "surfaceY": -2.417, "cameraY": 5.7, "clearance": 8.117}}, {"route": "high", "from": [-15, 3.2, -1], "to": [-15, 3.2, -7], "minClearance": {"x": -15.5, "z": -9.36, "surfaceY": 1.992, "bikeBaseY": 3.2, "clearance": 1.208}, "blockedSampleCount": 0, "sampleCount": 63, "cameraMinClearance": {"x": -15.0, "z": -0.8, "surfaceY": -1.007, "cameraY": 5.7, "clearance": 6.707}}, {"route": "high", "from": [-15, 3.2, -7], "to": [-15, 3.2, -11.8], "minClearance": {"x": -15.5, "z": -10.32, "surfaceY": 2.044, "bikeBaseY": 3.2, "clearance": 1.156}, "blockedSampleCount": 0, "sampleCount": 54, "cameraMinClearance": {"x": -15.0, "z": -5.6, "surfaceY": 1.142, "cameraY": 5.7, "clearance": 4.558}}, {"route": "high", "from": [-15, 3.2, -11.8], "to": [-9, 3.2, -11.8], "minClearance": {"x": -15.36, "z": -11.3, "surfaceY": 2.006, "bikeBaseY": 3.2, "clearance": 1.194}, "blockedSampleCount": 0, "sampleCount": 63, "cameraMinClearance": {"x": -21.2, "z": -11.8, "surfaceY": 5.959, "cameraY": 5.7, "clearance": -0.259}}, {"route": "high", "from": [-9, 3.2, -11.8], "to": [1, 3.2, -11.8], "minClearance": {"x": -11.36, "z": -11.3, "surfaceY": 0.945, "bikeBaseY": 3.2, "clearance": 2.255}, "blockedSampleCount": 0, "sampleCount": 99, "cameraMinClearance": {"x": -15.2, "z": -11.8, "surfaceY": 1.983, "cameraY": 5.7, "clearance": 3.717}}, {"route": "high", "from": [1, 3.2, -11.8], "to": [12, 3.2, -11.8], "minClearance": {"x": 4.0, "z": -11.8, "surfaceY": 0.411, "bikeBaseY": 3.2, "clearance": 2.789}, "blockedSampleCount": 0, "sampleCount": 108, "cameraMinClearance": {"x": 5.8, "z": -11.8, "surfaceY": 0.137, "cameraY": 5.7, "clearance": 5.563}}]
LOW_SOURCE_COMPARISON {"sampleCount": 860, "medianAbsoluteError": 0.0145, "p95AbsoluteError": 0.179, "worstAbsolute": {"xz": "-4.000,11.200", "sourceY": -3.2671, "lowY": -21.8892, "delta": -18.6221}, "lowestLowRelative": {"xz": "-4.000,11.200", "sourceY": -3.2671, "lowY": -21.8892, "delta": -18.6221}, "highestLowRelative": {"xz": "10.436,0.792", "sourceY": -3.122, "lowY": -1.8402, "delta": 1.2818}}
Blender 5.2.1 LTS (hash 9e2066aef7ef built 2026-08-25 02:38:20)
DracoDecoder | Decoded 6382 vertices, 13641 indices
DracoDecoder | Decoded 1302 vertices, 3885 indices
DracoDecoder | Decoded 589 vertices, 867 indices
DracoDecoder | Decoded 203 vertices, 612 indices
DracoDecoder | Decoded 5776 vertices, 11898 indices
DracoDecoder | Decoded 10397 vertices, 17430 indices
DracoDecoder | Decoded 2602 vertices, 8973 indices
DracoDecoder | Decoded 191 vertices, 699 indices
DracoDecoder | Decoded 95075 vertices, 145893 indices
DracoDecoder | Decoded 98522 vertices, 122148 indices
DracoDecoder | Decoded 827 vertices, 1173 indices
DracoDecoder | Decoded 18066 vertices, 47115 indices
DracoDecoder | Decoded 938 vertices, 1164 indices
DracoDecoder | Decoded 4590 vertices, 6192 indices
DracoDecoder | Decoded 18539 vertices, 23640 indices
DracoDecoder | Decoded 321 vertices, 684 indices
DracoDecoder | Decoded 1845 vertices, 3387 indices
DracoDecoder | Decoded 3620 vertices, 12303 indices
DracoDecoder | Decoded 42 vertices, 42 indices
DracoDecoder | Decoded 1964 vertices, 2052 indices
DracoDecoder | Decoded 13982 vertices, 36189 indices
DracoDecoder | Decoded 10906 vertices, 16266 indices
DracoDecoder | Decoded 68 vertices, 144 indices
DracoDecoder | Decoded 157 vertices, 210 indices
DracoDecoder | Decoded 136 vertices, 198 indices
DracoDecoder | Decoded 44 vertices, 54 indices
DracoDecoder | Decoded 1035 vertices, 1512 indices
DracoDecoder | Decoded 11375 vertices, 33831 indices
DracoDecoder | Decoded 1192 vertices, 3705 indices
DracoDecoder | Decoded 214 vertices, 288 indices

Blender quit
